// Jest Snapshot v1, https://goo.gl/fbAQLP

exports[`FieldItem renders Field component 1`] = `
<div>
  <div
    class="fieldItem"
    id="1"
    style="width: 50px; height: 50px; background-color: purple; color: white;"
  >
    <span>
      1
    </span>
  </div>
</div>
`;
